// Jest Snapshot v1, https://goo.gl/fbAQLP

exports[`initPlugins throws user-friendly error message for plugins with bad values 1`] = `
" => Bad Docusaurus plugin value plugins[0].
Example valid plugin config:
{
  plugins: [
    ["@docusaurus/plugin-content-docs",options],
    "./myPlugin",
    ["./myPlugin",{someOption: 42}],
    function myPlugin() { },
    [function myPlugin() { },options]
  ],
};

 => Bad Docusaurus plugin value plugins[1].
Example valid plugin config:
{
  plugins: [
    ["@docusaurus/plugin-content-docs",options],
    "./myPlugin",
    ["./myPlugin",{someOption: 42}],
    function myPlugin() { },
    [function myPlugin() { },options]
  ],
};

"
`;
