// Jest Snapshot v1, https://goo.gl/fbAQLP

exports[`loadSiteMetadata warns about plugin version mismatch 1`] = `
{
  "docusaurusVersion": "<CURRENT_VERSION>",
  "pluginVersions": {
    "docusaurus-plugin-content-docs": {
      "name": "@docusaurus/plugin-content-docs",
      "type": "package",
      "version": "1.0.0",
    },
  },
  "siteVersion": "random-version",
}
`;
