// Jest Snapshot v1, https://goo.gl/fbAQLP

exports[`validation schemas admonitionsSchema: for value=[] 1`] = `""value" does not look like a valid admonitions config"`;

exports[`validation schemas admonitionsSchema: for value={"customTypes":{"myKeyword":{"keyword":"myKeyword","infima":true,"svg":"<svg width=\\"512px\\" height=\\"512px\\" viewBox=\\"0 0 512 512\\" xmlns=\\"http://www.w3.org/2000/svg\\"></svg>"}}} 1`] = `
"The Docusaurus admonitions system has changed, and the option "customTypes" does not exist anymore.
You now need to swizzle the admonitions component to provide UI customizations such as icons.
Please refer to https://github.com/facebook/docusaurus/pull/7152 for detailed upgrade instructions."
`;

exports[`validation schemas admonitionsSchema: for value={"icons":"emoji"} 1`] = `
"The Docusaurus admonitions system has changed, and the option "icons" does not exist anymore.
You now need to swizzle the admonitions component to provide UI customizations such as icons.
Please refer to https://github.com/facebook/docusaurus/pull/7152 for detailed upgrade instructions."
`;

exports[`validation schemas admonitionsSchema: for value={"infima":true} 1`] = `
"The Docusaurus admonitions system has changed, and the option "infima" does not exist anymore.
You now need to swizzle the admonitions component to provide UI customizations such as icons.
Please refer to https://github.com/facebook/docusaurus/pull/7152 for detailed upgrade instructions."
`;

exports[`validation schemas admonitionsSchema: for value={"keywords":[]} 1`] = `""keywords" does not contain 1 required value(s)"`;

exports[`validation schemas admonitionsSchema: for value={"tag":""} 1`] = `""tag" is not allowed to be empty"`;

exports[`validation schemas admonitionsSchema: for value={"unknownAttribute":"val"} 1`] = `""unknownAttribute" is not allowed"`;

exports[`validation schemas admonitionsSchema: for value=3 1`] = `""value" does not look like a valid admonitions config"`;

exports[`validation schemas pathnameSchema: for value="foo" 1`] = `""value" is not a valid pathname. Pathname should start with slash and not contain any domain or query string."`;

exports[`validation schemas pathnameSchema: for value="https://github.com/foo" 1`] = `""value" is not a valid pathname. Pathname should start with slash and not contain any domain or query string."`;

exports[`validation schemas pluginIdSchema: for value="/docs" 1`] = `"Illegal plugin ID value "/docs": it should only contain alphanumerics, underscores, and dashes."`;

exports[`validation schemas pluginIdSchema: for value="do cs" 1`] = `"Illegal plugin ID value "do cs": it should only contain alphanumerics, underscores, and dashes."`;

exports[`validation schemas pluginIdSchema: for value="do/cs" 1`] = `"Illegal plugin ID value "do/cs": it should only contain alphanumerics, underscores, and dashes."`;

exports[`validation schemas pluginIdSchema: for value="docs/" 1`] = `"Illegal plugin ID value "docs/": it should only contain alphanumerics, underscores, and dashes."`;

exports[`validation schemas pluginIdSchema: for value=[] 1`] = `""value" must be a string"`;

exports[`validation schemas pluginIdSchema: for value=3 1`] = `""value" must be a string"`;

exports[`validation schemas pluginIdSchema: for value=null 1`] = `""value" must be a string"`;

exports[`validation schemas pluginIdSchema: for value=true 1`] = `""value" must be a string"`;

exports[`validation schemas rehypePluginsSchema: for value=[[]] 1`] = `
""[0]" does not look like a valid MDX plugin config. A plugin config entry should be one of:
- A tuple, like \`[require("rehype-katex"), { strict: false }]\`, or
- A simple module, like \`require("remark-math")\`"
`;

exports[`validation schemas rehypePluginsSchema: for value=[[null,null]] 1`] = `
""[0]" does not look like a valid MDX plugin config. A plugin config entry should be one of:
- A tuple, like \`[require("rehype-katex"), { strict: false }]\`, or
- A simple module, like \`require("remark-math")\`"
`;

exports[`validation schemas rehypePluginsSchema: for value=[3] 1`] = `
""[0]" does not look like a valid MDX plugin config. A plugin config entry should be one of:
- A tuple, like \`[require("rehype-katex"), { strict: false }]\`, or
- A simple module, like \`require("remark-math")\`"
`;

exports[`validation schemas rehypePluginsSchema: for value=[false] 1`] = `
""[0]" does not look like a valid MDX plugin config. A plugin config entry should be one of:
- A tuple, like \`[require("rehype-katex"), { strict: false }]\`, or
- A simple module, like \`require("remark-math")\`"
`;

exports[`validation schemas rehypePluginsSchema: for value=[null] 1`] = `
""[0]" does not look like a valid MDX plugin config. A plugin config entry should be one of:
- A tuple, like \`[require("rehype-katex"), { strict: false }]\`, or
- A simple module, like \`require("remark-math")\`"
`;

exports[`validation schemas rehypePluginsSchema: for value=3 1`] = `""value" must be an array"`;

exports[`validation schemas rehypePluginsSchema: for value=false 1`] = `""value" must be an array"`;

exports[`validation schemas rehypePluginsSchema: for value=null 1`] = `""value" must be an array"`;

exports[`validation schemas remarkPluginsSchema: for value=[[]] 1`] = `
""[0]" does not look like a valid MDX plugin config. A plugin config entry should be one of:
- A tuple, like \`[require("rehype-katex"), { strict: false }]\`, or
- A simple module, like \`require("remark-math")\`"
`;

exports[`validation schemas remarkPluginsSchema: for value=[[null,null]] 1`] = `
""[0]" does not look like a valid MDX plugin config. A plugin config entry should be one of:
- A tuple, like \`[require("rehype-katex"), { strict: false }]\`, or
- A simple module, like \`require("remark-math")\`"
`;

exports[`validation schemas remarkPluginsSchema: for value=[3] 1`] = `
""[0]" does not look like a valid MDX plugin config. A plugin config entry should be one of:
- A tuple, like \`[require("rehype-katex"), { strict: false }]\`, or
- A simple module, like \`require("remark-math")\`"
`;

exports[`validation schemas remarkPluginsSchema: for value=[false] 1`] = `
""[0]" does not look like a valid MDX plugin config. A plugin config entry should be one of:
- A tuple, like \`[require("rehype-katex"), { strict: false }]\`, or
- A simple module, like \`require("remark-math")\`"
`;

exports[`validation schemas remarkPluginsSchema: for value=[null] 1`] = `
""[0]" does not look like a valid MDX plugin config. A plugin config entry should be one of:
- A tuple, like \`[require("rehype-katex"), { strict: false }]\`, or
- A simple module, like \`require("remark-math")\`"
`;

exports[`validation schemas remarkPluginsSchema: for value=3 1`] = `""value" must be an array"`;

exports[`validation schemas remarkPluginsSchema: for value=false 1`] = `""value" must be an array"`;

exports[`validation schemas remarkPluginsSchema: for value=null 1`] = `""value" must be an array"`;

exports[`validation schemas uRISchema: for value="spaces are invalid in a URL" 1`] = `""value" does not look like a valid url (value='')"`;
