// Jest Snapshot v1, https://goo.gl/fbAQLP

exports[`Head does exactly what Helmet does 1`] = `
<div>
  Content
</div>
`;

exports[`Head does exactly what Helmet does 2`] = `
<html>
  <head>
    <meta
      content="article"
      data-rh={true}
      property="og:type"
    />
    <meta
      content="some description overridden"
      data-rh={true}
      property="og:description"
    />
    <meta
      content="this property is duplicated"
      data-rh={true}
      property="duplicated?"
    />
    <meta
      content="another one"
      data-rh={true}
      property="duplicated?"
    />
    <title
      data-rh={true}
    >
      
    </title>
  </head>
  <body />
</html>
`;
