// Jest Snapshot v1, https://goo.gl/fbAQLP

exports[`useTreeifiedTOC treeifies TOC without filtering 1`] = `
[
  {
    "children": [
      {
        "children": [
          {
            "children": [
              {
                "children": [
                  {
                    "children": [],
                    "id": "foxtrot",
                    "level": 6,
                    "value": "Foxtrot",
                  },
                ],
                "id": "echo",
                "level": 5,
                "value": "Echo",
              },
            ],
            "id": "delta",
            "level": 4,
            "value": "Delta",
          },
        ],
        "id": "charlie",
        "level": 3,
        "value": "Charlie",
      },
    ],
    "id": "bravo",
    "level": 2,
    "value": "Bravo",
  },
]
`;
