// Jest Snapshot v1, https://goo.gl/fbAQLP

exports[`footnoteIDFixer remark plugin appends a hash to each footnote def/ref 1`] = `
"/* @jsxRuntime classic */
/* @jsx mdx */



const layoutProps = {
  
};
const MDXLayout = "wrapper"
export default function MDXContent({
  components,
  ...props
}) {
  return <MDXLayout {...layoutProps} {...props} components={components} mdxType="MDXLayout">
    <p>{\`foo\`}<sup parentName="p" {...{
        "id": "fnref-1-[HASH]"
      }}><a parentName="sup" {...{
          "href": "#fn-1-[HASH]",
          "className": "footnote-ref"
        }}>{\`1\`}</a></sup></p>
    <p>{\`bar\`}<sup parentName="p" {...{
        "id": "fnref-2-[HASH]"
      }}><a parentName="sup" {...{
          "href": "#fn-2-[HASH]",
          "className": "footnote-ref"
        }}>{\`2\`}</a></sup></p>
    <p>{\`baz\`}<sup parentName="p" {...{
        "id": "fnref-3-[HASH]"
      }}><a parentName="sup" {...{
          "href": "#fn-3-[HASH]",
          "className": "footnote-ref"
        }}>{\`3\`}</a></sup></p>
    <div {...{
      "className": "footnotes"
    }}>
      <hr parentName="div"></hr>
      <ol parentName="div">
        <li parentName="ol" {...{
          "id": "fn-1-[HASH]"
        }}>{\`foo\`}<a parentName="li" {...{
            "href": "#fnref-1-[HASH]",
            "className": "footnote-backref"
          }}>{\`↩\`}</a></li>
        <li parentName="ol" {...{
          "id": "fn-2-[HASH]"
        }}>{\`foo\`}<a parentName="li" {...{
            "href": "#fnref-2-[HASH]",
            "className": "footnote-backref"
          }}>{\`↩\`}</a></li>
        <li parentName="ol" {...{
          "id": "fn-3-[HASH]"
        }}>{\`foo\`}<a parentName="li" {...{
            "href": "#fnref-3-[HASH]",
            "className": "footnote-backref"
          }}>{\`↩\`}</a></li>
      </ol>
    </div>
    </MDXLayout>;
}

;
MDXContent.isMDXComponent = true;"
`;
