// Jest Snapshot v1, https://goo.gl/fbAQLP

exports[`admonitions remark plugin base 1`] = `
"<p>The blog feature enables you to deploy in no time a full-featured blog.</p>
<admonition title="Sample Title" type="info"><p>Check the <a href="./api/plugins/plugin-content-blog.md">Blog Plugin API Reference documentation</a> for an exhaustive list of options.</p></admonition>
<h2>Initial setup {#initial-setup}</h2>
<p>To set up your site's blog, start by creating a <code>blog</code> directory.</p>
<admonition type="tip"><p>Use the <strong><a href="introduction.md#fast-track">Fast Track</a></strong> to understand Docusaurus in <strong>5 minutes ⏱</strong>!</p><p>Use <strong><a href="https://docusaurus.new">docusaurus.new</a></strong> to test Docusaurus immediately in your browser!</p></admonition>
<p>++++tip</p>
<p>Admonition with different syntax</p>
<p>++++</p>"
`;

exports[`admonitions remark plugin custom keywords 1`] = `
"<p>The blog feature enables you to deploy in no time a full-featured blog.</p>
<p>:::info Sample Title</p>
<p>Check the <a href="./api/plugins/plugin-content-blog.md">Blog Plugin API Reference documentation</a> for an exhaustive list of options.</p>
<p>:::</p>
<h2>Initial setup {#initial-setup}</h2>
<p>To set up your site's blog, start by creating a <code>blog</code> directory.</p>
<admonition type="tip"><p>Use the <strong><a href="introduction.md#fast-track">Fast Track</a></strong> to understand Docusaurus in <strong>5 minutes ⏱</strong>!</p><p>Use <strong><a href="https://docusaurus.new">docusaurus.new</a></strong> to test Docusaurus immediately in your browser!</p></admonition>
<p>++++tip</p>
<p>Admonition with different syntax</p>
<p>++++</p>"
`;

exports[`admonitions remark plugin custom tag 1`] = `
"<p>The blog feature enables you to deploy in no time a full-featured blog.</p>
<p>:::info Sample Title</p>
<p>Check the <a href="./api/plugins/plugin-content-blog.md">Blog Plugin API Reference documentation</a> for an exhaustive list of options.</p>
<p>:::</p>
<h2>Initial setup {#initial-setup}</h2>
<p>To set up your site's blog, start by creating a <code>blog</code> directory.</p>
<p>:::tip</p>
<p>Use the <strong><a href="introduction.md#fast-track">Fast Track</a></strong> to understand Docusaurus in <strong>5 minutes ⏱</strong>!</p>
<p>Use <strong><a href="https://docusaurus.new">docusaurus.new</a></strong> to test Docusaurus immediately in your browser!</p>
<p>:::</p>
<admonition type="tip"><p>Admonition with different syntax</p></admonition>"
`;

exports[`admonitions remark plugin interpolation 1`] = `
"<p>Test admonition with interpolated title/body</p>
<admonition type="tip"><mdxAdmonitionTitle>My <code>interpolated</code> <strong>title</strong> &#x3C;button style={{color: "red"}} onClick={() => alert("click")}>test</mdxAdmonitionTitle><p><code>body</code> <strong>interpolated</strong> content</p></admonition>"
`;
