// Jest Snapshot v1, https://goo.gl/fbAQLP

exports[`normalizePluginOptions rejects bad createRedirects user inputs 1`] = `""createRedirects" must be of type function"`;

exports[`normalizePluginOptions rejects bad fromExtensions user inputs 1`] = `""fromExtensions[0]" contains an invalid value"`;

exports[`normalizePluginOptions rejects bad toExtensions user inputs 1`] = `""toExtensions[0]" contains an invalid value"`;
