// Jest Snapshot v1, https://goo.gl/fbAQLP

exports[`toRedirectFiles creates appropriate metadata for empty baseUrl: fileContent baseUrl=empty 1`] = `
[
  "<!DOCTYPE html>
<html>
  <head>
    <meta charset="UTF-8">
    <meta http-equiv="refresh" content="0; url=/abc">
    <link rel="canonical" href="/abc" />
  </head>
  <script>
    window.location.href = '/abc';
  </script>
</html>",
]
`;

exports[`toRedirectFiles creates appropriate metadata for root baseUrl: fileContent baseUrl=/ 1`] = `
[
  "<!DOCTYPE html>
<html>
  <head>
    <meta charset="UTF-8">
    <meta http-equiv="refresh" content="0; url=/abc">
    <link rel="canonical" href="/abc" />
  </head>
  <script>
    window.location.href = '/abc';
  </script>
</html>",
]
`;

exports[`toRedirectFiles creates appropriate metadata trailingSlash=false: fileContent 1`] = `
[
  "<!DOCTYPE html>
<html>
  <head>
    <meta charset="UTF-8">
    <meta http-equiv="refresh" content="0; url=https://docusaurus.io/abc">
    <link rel="canonical" href="https://docusaurus.io/abc" />
  </head>
  <script>
    window.location.href = 'https://docusaurus.io/abc';
  </script>
</html>",
  "<!DOCTYPE html>
<html>
  <head>
    <meta charset="UTF-8">
    <meta http-equiv="refresh" content="0; url=https://docusaurus.io/def.html">
    <link rel="canonical" href="https://docusaurus.io/def.html" />
  </head>
  <script>
    window.location.href = 'https://docusaurus.io/def.html';
  </script>
</html>",
  "<!DOCTYPE html>
<html>
  <head>
    <meta charset="UTF-8">
    <meta http-equiv="refresh" content="0; url=https://docusaurus.io/">
    <link rel="canonical" href="https://docusaurus.io/" />
  </head>
  <script>
    window.location.href = 'https://docusaurus.io/';
  </script>
</html>",
]
`;

exports[`toRedirectFiles creates appropriate metadata trailingSlash=true: fileContent 1`] = `
[
  "<!DOCTYPE html>
<html>
  <head>
    <meta charset="UTF-8">
    <meta http-equiv="refresh" content="0; url=https://docusaurus.io/abc">
    <link rel="canonical" href="https://docusaurus.io/abc" />
  </head>
  <script>
    window.location.href = 'https://docusaurus.io/abc';
  </script>
</html>",
  "<!DOCTYPE html>
<html>
  <head>
    <meta charset="UTF-8">
    <meta http-equiv="refresh" content="0; url=https://docusaurus.io/def.html">
    <link rel="canonical" href="https://docusaurus.io/def.html" />
  </head>
  <script>
    window.location.href = 'https://docusaurus.io/def.html';
  </script>
</html>",
  "<!DOCTYPE html>
<html>
  <head>
    <meta charset="UTF-8">
    <meta http-equiv="refresh" content="0; url=https://docusaurus.io/">
    <link rel="canonical" href="https://docusaurus.io/" />
  </head>
  <script>
    window.location.href = 'https://docusaurus.io/';
  </script>
</html>",
]
`;

exports[`toRedirectFiles creates appropriate metadata trailingSlash=undefined: fileContent 1`] = `
[
  "<!DOCTYPE html>
<html>
  <head>
    <meta charset="UTF-8">
    <meta http-equiv="refresh" content="0; url=https://docusaurus.io/abc">
    <link rel="canonical" href="https://docusaurus.io/abc" />
  </head>
  <script>
    window.location.href = 'https://docusaurus.io/abc';
  </script>
</html>",
  "<!DOCTYPE html>
<html>
  <head>
    <meta charset="UTF-8">
    <meta http-equiv="refresh" content="0; url=https://docusaurus.io/def.html">
    <link rel="canonical" href="https://docusaurus.io/def.html" />
  </head>
  <script>
    window.location.href = 'https://docusaurus.io/def.html';
  </script>
</html>",
  "<!DOCTYPE html>
<html>
  <head>
    <meta charset="UTF-8">
    <meta http-equiv="refresh" content="0; url=https://docusaurus.io/">
    <link rel="canonical" href="https://docusaurus.io/" />
  </head>
  <script>
    window.location.href = 'https://docusaurus.io/';
  </script>
</html>",
]
`;
